
[0;32m======================================================================[0m
[0;32mM.O.L.O.C.H. 3.0 - MASTER TEST RUNNER[0m
[0;32m======================================================================[0m
Date: 2026-01-12 10:08:36

[0;34m======================================================================[0m
[0;34mRunning: tests/test_11_failure_recovery.py[0m
[0;34m======================================================================[0m

[0;34m======================================================================[0m
[0;34mRunning: tests/test_12_resource_exhaustion.py[0m
[0;34m======================================================================[0m

[0;34m======================================================================[0m
[0;34mRunning: tests/test_13_security.py[0m
[0;34m======================================================================[0m

[0;34m======================================================================[0m
[0;34mRunning: tests/test_14_graceful_degradation.py[0m
[0;34m======================================================================[0m

[0;34m======================================================================[0m
[0;34mRunning: tests/test_15_consistency.py[0m
[0;34m======================================================================[0m

[0;34m======================================================================[0m
[0;34mRunning: tests/test_16_unicode_edge_cases.py[0m
[0;34m======================================================================[0m

[0;34m======================================================================[0m
[0;34mTEST SUMMARY[0m
[0;34m======================================================================[0m

[0;32m✅ PASS[0m tests/test_11_failure_recovery.py
     Tests: 4, Passed: 3, Failed: 0, Errors: 0, Skipped: 1
[0;32m✅ PASS[0m tests/test_12_resource_exhaustion.py
     Tests: 3, Passed: 2, Failed: 0, Errors: 0, Skipped: 1
[0;32m✅ PASS[0m tests/test_13_security.py
     Tests: 3, Passed: 3, Failed: 0, Errors: 0, Skipped: 0
[0;32m✅ PASS[0m tests/test_14_graceful_degradation.py
     Tests: 3, Passed: 2, Failed: 0, Errors: 0, Skipped: 1
[0;32m✅ PASS[0m tests/test_15_consistency.py
     Tests: 3, Passed: 3, Failed: 0, Errors: 0, Skipped: 0
[0;32m✅ PASS[0m tests/test_16_unicode_edge_cases.py
     Tests: 3, Passed: 3, Failed: 0, Errors: 0, Skipped: 0

[0;34m======================================================================[0m
[0;34mFINAL RESULTS[0m
[0;34m======================================================================[0m

Total Tests Run:    19
[0;32mPassed:            16[0m
[0;31mFailed:            0[0m
[0;31mErrors:            0[0m
[1;33mSkipped:           3[0m

[0;34mPass Rate:         100.0% (16/16)[0m

[0;32m======================================================================[0m
[0;32m✅ ALL TESTS PASSED![0m
[0;32m======================================================================[0m
